<html>
<body>
<pre>
<h1>µVision Build Log</h1>
<h2>Tool Versions:</h2>
IDE-Version: µVision V5.31.0.0
Copyright (C) 2020 ARM Ltd and ARM Germany GmbH. All rights reserved.
License Information: Vamsi Vuyyuru, voltera, LIC=----
 
Tool Versions:
Toolchain:       MDK-Lite  Version: 5.31.0.0
Toolchain Path:  C:\Keil_v5\ARM\ARMCLANG\Bin
C Compiler:      ArmClang.exe V6.14
Assembler:       Armasm.exe V6.14
Linker/Locator:  ArmLink.exe V6.14
Library Manager: ArmAr.exe V6.14
Hex Converter:   FromElf.exe V6.14
CPU DLL:         SARMCM3.DLL V5.31.0.0
Dialog DLL:      DARMSTM.DLL V1.68.0.0
Target DLL:      STLink\ST-LINKIII-KEIL_SWO.dll V3.0.7.0
Dialog DLL:      TCM.DLL V1.46.0.0
 
<h2>Project:</h2>
D:\stm32 keil projects\Stm32_UART\stm32_UART.uvprojx
Project File Date:  11/08/2021

<h2>Output:</h2>
*** Using Compiler 'V6.14', folder: 'C:\Keil_v5\ARM\ARMCLANG\Bin'
Build target 'Target 1'
main.c(3): warning: In file included from...
./Delay.h(13): warning: this function declaration is not a prototype [-Wstrict-prototypes]
void SysTick_Handler();
                    ^
                     void
main.c(4): warning: In file included from...
./UART_driver.h(11): warning: no newline at end of file [-Wnewline-eof]
void Write_UART_string(char str[],unsigned short uart);
                                                       ^
main.c(6): warning: no previous extern declaration for non-static variable 'mesg' [-Wmissing-variable-declarations]
char mesg[250]="Welcome to Bare metal programming\n";
     ^
main.c(6): note: declare 'static' if the variable is not intended to be used outside of this translation unit
char mesg[250]="Welcome to Bare metal programming\n";
^
main.c(8): warning: no previous extern declaration for non-static variable 'i' [-Wmissing-variable-declarations]
int i=0; uint32_t counter =0;
    ^
main.c(8): note: declare 'static' if the variable is not intended to be used outside of this translation unit
int i=0; uint32_t counter =0;
^
main.c(8): warning: no previous extern declaration for non-static variable 'counter' [-Wmissing-variable-declarations]
int i=0; uint32_t counter =0;
                  ^
main.c(8): note: declare 'static' if the variable is not intended to be used outside of this translation unit
int i=0; uint32_t counter =0;
         ^
main.c(7): warning: no previous extern declaration for non-static variable 'chat' [-Wmissing-variable-declarations]
char chat;
     ^
main.c(7): note: declare 'static' if the variable is not intended to be used outside of this translation unit
char chat;
^
6 warnings generated.
compiling main.c...
linking...
Program Size: Code=4132 RO-data=284 RW-data=256 ZI-data=1648  
".\Objects\stm32_UART.axf" - 0 Error(s), 6 Warning(s).

<h2>Software Packages used:</h2>

Package Vendor: ARM
                http://www.keil.com/pack/ARM.CMSIS.5.7.0.pack
                ARM.CMSIS.5.7.0
                CMSIS (Cortex Microcontroller Software Interface Standard)
   * Component: CORE Version: 5.4.0

Package Vendor: Keil
                http://www.keil.com/pack/Keil.STM32F1xx_DFP.2.3.0.pack
                Keil.STM32F1xx_DFP.2.3.0
                STMicroelectronics STM32F1 Series Device Support, Drivers and Examples
   * Component: Startup Version: 1.0.0
   * Component: Framework Version: 3.5.1
   * Component: GPIO Version: 3.5.0
   * Component: RCC Version: 3.5.0

<h2>Collection of Component include folders:</h2>
  .\RTE\Device\STM32F103C8
  .\RTE\_Target_1
  C:\Users\VOLTERA\AppData\Local\Arm\Packs\ARM\CMSIS\5.7.0\CMSIS\Core\Include
  C:\Users\VOLTERA\AppData\Local\Arm\Packs\Keil\STM32F1xx_DFP\2.3.0\Device\Include
  C:\Users\VOLTERA\AppData\Local\Arm\Packs\Keil\STM32F1xx_DFP\2.3.0\Device\StdPeriph_Driver\inc

<h2>Collection of Component Files used:</h2>

   * Component: ARM::CMSIS:CORE:5.4.0

   * Component: Keil::Device:Startup:1.0.0
      Source file:   Device\Source\ARM\STM32F1xx_OPT.s
      Source file:   Device\Source\system_stm32f10x.c
      Include file:  RTE_Driver\Config\RTE_Device.h
      Source file:   Device\Source\ARM\startup_stm32f10x_md.s

   * Component: Keil::Device:StdPeriph Drivers:Framework:3.5.1
      Source file:   Device\StdPeriph_Driver\templates\stm32f10x_conf.h
      Source file:   Device\StdPeriph_Driver\templates\stm32f10x_it.c
      Include file:  Device\StdPeriph_Driver\templates\stm32f10x_it.h
      Include file:  Device\StdPeriph_Driver\inc\misc.h
      Source file:   Device\StdPeriph_Driver\src\misc.c

   * Component: Keil::Device:StdPeriph Drivers:GPIO:3.5.0
      Source file:   Device\StdPeriph_Driver\src\stm32f10x_gpio.c
      Include file:  Device\StdPeriph_Driver\inc\stm32f10x_gpio.h

   * Component: Keil::Device:StdPeriph Drivers:RCC:3.5.0
      Source file:   Device\StdPeriph_Driver\src\stm32f10x_rcc.c
      Include file:  Device\StdPeriph_Driver\inc\stm32f10x_rcc.h
Build Time Elapsed:  00:00:01
</pre>
</body>
</html>
